[
["FCT", "http:\/\/todofp.es\/sobre-fp\/formacion-en-centros-de-trabajo.html"],
["practiques", "http:\/\/todofp.es\/sobre-fp\/formacion-en-centros-de-trabajo.html"],
["formacio en centres de treball", "http:\/\/todofp.es\/sobre-fp\/formacion-en-centros-de-trabajo.html"],
["titol", "http:\/\/todofp.es\/sobre-fp\/informacion-general\/sistema-educativo-fp\/titulacion-fin-estudios.html"],
["titulació", "http:\/\/todofp.es\/sobre-fp\/informacion-general\/sistema-educativo-fp\/titulacion-fin-estudios.html"],
["fp", "http:\/\/todofp.es\/sobre-fp\/informacion-general\/sistema-educativo-fp\/fp-actual.html"],
["formació professional", "http:\/\/todofp.es\/sobre-fp\/informacion-general\/sistema-educativo-fp\/fp-actual.html"],
["fpb", "http:\/\/todofp.es\/que-como-y-donde-estudiar\/que-estudiar\/ciclos\/fp-basica.html"],
["formació professional bàsica", "http:\/\/todofp.es\/que-como-y-donde-estudiar\/que-estudiar\/ciclos\/fp-basica.html"],
["CF FPB", "http:\/\/todofp.es\/que-como-y-donde-estudiar\/que-estudiar\/ciclos\/fp-basica.html"],
["GM", "http:\/\/todofp.es\/que-como-y-donde-estudiar\/que-estudiar\/ciclos\/grado-medio.html"],
["CF GM", "http:\/\/todofp.es\/que-como-y-donde-estudiar\/que-estudiar\/ciclos\/grado-medio.html"],
["grau mitjà", "http:\/\/todofp.es\/que-como-y-donde-estudiar\/que-estudiar\/ciclos\/grado-medio.html"],
["mitjà", "http:\/\/todofp.es\/que-como-y-donde-estudiar\/que-estudiar\/ciclos\/grado-medio.html"],
["GS", "http:\/\/todofp.es\/que-como-y-donde-estudiar\/que-estudiar\/ciclos\/grado-superior.html"],
["CF GS", "http:\/\/todofp.es\/que-como-y-donde-estudiar\/que-estudiar\/ciclos\/grado-superior.html"],
["grau superior", "http:\/\/todofp.es\/que-como-y-donde-estudiar\/que-estudiar\/ciclos\/grado-superior.html"],
["superior", "http:\/\/todofp.es\/que-como-y-donde-estudiar\/que-estudiar\/ciclos\/grado-superior.html"],
["requisits", "http:\/\/todofp.es\/sobre-fp\/informacion-general\/sistema-educativo-fp\/como-accedo.html"],
["acces", "http:\/\/todofp.es\/sobre-fp\/informacion-general\/sistema-educativo-fp\/como-accedo.html"],
["requisits acces", "http:\/\/todofp.es\/sobre-fp\/informacion-general\/sistema-educativo-fp\/como-accedo.html"],
["modalitat", "http:\/\/todofp.es\/sobre-fp\/informacion-general\/sistema-educativo-fp\/como-conseguir.html"],
["modalitats", "http:\/\/todofp.es\/sobre-fp\/informacion-general\/sistema-educativo-fp\/como-conseguir.html"],
["modul projecte", "http:\/\/todofp.es\/sobre-fp\/modulo-profesional-proyecto.html"],
["projecte", "http:\/\/todofp.es\/sobre-fp\/modulo-profesional-proyecto.html"],
["dual", "http:\/\/todofp.es\/sobre-fp\/informacion-general\/formacion-profesional-dual.html"],
["fp dual", "http:\/\/todofp.es\/sobre-fp\/informacion-general\/formacion-profesional-dual.html"],
["formació professional dual", "http:\/\/todofp.es\/sobre-fp\/informacion-general\/formacion-profesional-dual.html"],
["europa", "http:\/\/todofp.es\/sobre-fp\/informacion-general\/fp-en-europa.html"],
["fp europa", "http:\/\/todofp.es\/sobre-fp\/informacion-general\/fp-en-europa.html"],
["mobilitat", "http:\/\/todofp.es\/sobre-fp\/empleadores\/movilidad.html"],
["erasmus", "http:\/\/todofp.es\/sobre-fp\/empleadores\/movilidad.html"],
["pràctiques estranger", "http:\/\/todofp.es\/sobre-fp\/empleadores\/movilidad.html"],
["professors", "http:\/\/todofp.es\/profesores.html"],
["professorat", "http:\/\/todofp.es\/profesores.html"],
["que estudiar", "http:\/\/todofp.es\/que-como-y-donde-estudiar\/que-estudiar.html"],
["on estudiar", "http:\/\/todofp.es\/que-como-y-donde-estudiar\/donde-estudiar.html"],
["com estudiar", "http:\/\/todofp.es\/que-como-y-donde-estudiar\/como-estudiar.html"],
["matrícula", "http:\/\/todofp.es\/que-como-y-donde-estudiar\/cuando-inscribirse.html"],
["inscripció", "http:\/\/todofp.es\/que-como-y-donde-estudiar\/cuando-inscribirse.html"],
["orientació", "http:\/\/todofp.es\/orientacion-profesional.html"],
["orientació professional", "http:\/\/todofp.es\/orientacion-profesional.html"],
["acreditació", "http:\/\/todofp.es\/acreditacion-de-competencias.html"],
["acreditació de competències", "http:\/\/todofp.es\/acreditacion-de-competencias.html"],
["proves", "http:\/\/todofp.es\/pruebas-convalidaciones\/pruebas.html"],
["proves accés", "http:\/\/todofp.es\/pruebas-convalidaciones\/pruebas.html"],
["proves lliures", "http:\/\/todofp.es\/pruebas-convalidaciones\/pruebas\/pruebas-obtencion-directa.html"],
["convalidació", "http:\/\/todofp.es\/pruebas-convalidaciones\/convalidaciones-equivalencias-homologaciones\/convalidaciones.html"],
["equivalència", "http:\/\/todofp.es\/pruebas-convalidaciones\/convalidaciones-equivalencias-homologaciones\/equivalencias.html"],
["homologació", "http:\/\/www.educacionyfp.gob.es\/servicios-al-ciudadano-mecd\/catalogo\/educacion\/gestion-titulos\/estudios-no-universitarios.html"],
["proves accés", "http:\/\/todofp.es\/pruebas-convalidaciones\/pruebas.html"],
["famílies", "http:\/\/todofp.es\/que-como-y-donde-estudiar\/que-estudiar\/familia.html"],
["famílies professionals", "http:\/\/todofp.es\/que-como-y-donde-estudiar\/que-estudiar\/familia.html"],
["loe", "http:\/\/todofp.es\/que-como-y-donde-estudiar\/que-estudiar\/familia\/loe.html"],
["logse", "http:\/\/todofp.es\/que-como-y-donde-estudiar\/que-estudiar\/familia\/logse.html"]
]
